ARM Linker, 5.03 [Build 24] [MDK-ARM Professional]

==============================================================================

Section Cross References

    startup_stm32f10x_md.o(STACK) refers (Special) to heapauxi.o(.text) for __use_two_region_memory
    startup_stm32f10x_md.o(HEAP) refers (Special) to heapauxi.o(.text) for __use_two_region_memory
    startup_stm32f10x_md.o(RESET) refers (Special) to heapauxi.o(.text) for __use_two_region_memory
    startup_stm32f10x_md.o(RESET) refers to startup_stm32f10x_md.o(STACK) for __initial_sp
    startup_stm32f10x_md.o(RESET) refers to startup_stm32f10x_md.o(.text) for Reset_Handler
    startup_stm32f10x_md.o(RESET) refers to os_cpu_a.o(.text) for PendSV_Handler
    startup_stm32f10x_md.o(RESET) refers to delay.o(.text) for SysTick_Handler
    startup_stm32f10x_md.o(RESET) refers to wdg.o(.text) for WWDG_IRQHandler
    startup_stm32f10x_md.o(RESET) refers to rtc.o(.text) for RTC_IRQHandler
    startup_stm32f10x_md.o(RESET) refers to wkup.o(.text) for EXTI0_IRQHandler
    startup_stm32f10x_md.o(RESET) refers to exti.o(.text) for EXTI2_IRQHandler
    startup_stm32f10x_md.o(RESET) refers to timer.o(.text) for TIM3_IRQHandler
    startup_stm32f10x_md.o(RESET) refers to usart.o(.text) for USART1_IRQHandler
    startup_stm32f10x_md.o(.text) refers (Special) to heapauxi.o(.text) for __use_two_region_memory
    startup_stm32f10x_md.o(.text) refers to system_stm32f10x.o(.text) for SystemInit
    startup_stm32f10x_md.o(.text) refers to __main.o(!!!main) for __main
    startup_stm32f10x_md.o(.text) refers to startup_stm32f10x_md.o(HEAP) for Heap_Mem
    startup_stm32f10x_md.o(.text) refers to startup_stm32f10x_md.o(STACK) for Stack_Mem
    system_stm32f10x.o(.text) refers to system_stm32f10x.o(.data) for SystemCoreClock
    test.o(.text) refers to lcd.o(.text) for LCD_Show2Num
    test.o(.text) refers to delay.o(.text) for delay_ms
    test.o(.text) refers to usart.o(.bss) for USART_RX_BUF
    test.o(.text) refers to lcd.o(.data) for BACK_COLOR
    test.o(.text) refers to rtc.o(.bss) for calendar
    test.o(.text) refers to test.o(.data) for moo
    test.o(.text) refers to wkup.o(.text) for Sys_Enter_Standby
    test.o(.text) refers to touch.o(.text) for Convert_Pos
    test.o(.text) refers to touch.o(.data) for tp_pixlcd
    test.o(.text) refers to rtc.o(.text) for RTC_Set
    test.o(.text) refers to os_mbox.o(.text) for OSMboxCreate
    test.o(.text) refers to os_q.o(.text) for OSQCreate
    test.o(.text) refers to os_flag.o(.text) for OSFlagCreate
    test.o(.text) refers to os_core.o(.text) for OSStatInit
    test.o(.text) refers to os_cpu_a.o(.text) for OS_CPU_SR_Save
    test.o(.text) refers to os_task.o(.text) for OSTaskCreate
    test.o(.text) refers to test.o(.bss) for MsgGrp
    test.o(.text) refers to sys.o(.text) for Stm32_Clock_Init
    test.o(.text) refers to usart.o(.text) for uart_init
    test.o(.text) refers to led.o(.text) for LED_Init
    delay.o(.text) refers to os_core.o(.text) for OSIntEnter
    delay.o(.text) refers to os_time.o(.text) for OSTimeDly
    delay.o(.text) refers to delay.o(.data) for fac_us
    delay.o(.text) refers to os_core.o(.data) for OSRunning
    sys.o(.text) refers to sys.o(.emb_text) for WFI_SET
    usart.o(.rev16_text) refers (Special) to use_no_semi_2.o(.text) for __use_no_semihosting
    usart.o(.revsh_text) refers (Special) to use_no_semi_2.o(.text) for __use_no_semihosting
    usart.o(.text) refers (Special) to use_no_semi_2.o(.text) for __use_no_semihosting
    usart.o(.text) refers to os_core.o(.text) for OSIntEnter
    usart.o(.text) refers to fflt_clz.o(x$fpl$ffltu) for __aeabi_ui2f
    usart.o(.text) refers to fdiv.o(x$fpl$fdiv) for __aeabi_fdiv
    usart.o(.text) refers to ffixu.o(x$fpl$ffixu) for __aeabi_f2uiz
    usart.o(.text) refers to faddsub_clz.o(x$fpl$frsb) for __aeabi_frsub
    usart.o(.text) refers to fmul.o(x$fpl$fmul) for __aeabi_fmul
    usart.o(.text) refers to sys.o(.text) for MY_NVIC_Init
    usart.o(.text) refers to usart.o(.bss) for USART_RX_BUF
    usart.o(.text) refers to usart.o(.data) for USART_RX_STA
    usart.o(.bss) refers (Special) to use_no_semi_2.o(.text) for __use_no_semihosting
    usart.o(.data) refers (Special) to use_no_semi_2.o(.text) for __use_no_semihosting
    key.o(.text) refers to delay.o(.text) for delay_ms
    key.o(.text) refers to key.o(.data) for key_up
    exti.o(.text) refers to delay.o(.text) for delay_ms
    exti.o(.text) refers to key.o(.text) for KEY_Init
    exti.o(.text) refers to sys.o(.text) for Ex_NVIC_Config
    wdg.o(.text) refers to sys.o(.text) for MY_NVIC_Init
    wdg.o(.text) refers to wdg.o(.data) for WWDG_CNT
    timer.o(.text) refers to _printf_percent.o(.ARM.Collect$$_printf_percent$$00000000) for _printf_percent
    timer.o(.text) refers to _printf_d.o(.ARM.Collect$$_printf_percent$$00000009) for _printf_d
    timer.o(.text) refers to _printf_dec.o(.text) for _printf_int_dec
    timer.o(.text) refers to sys.o(.text) for MY_NVIC_Init
[...]
    ../clib/printf.c                         0x00000000   Number         0  __printf_ss_wp.o ABSOLUTE
    ../clib/printf.c                         0x00000000   Number         0  __printf_flags_wp.o ABSOLUTE
    ../clib/printf.c                         0x00000000   Number         0  __printf_wp.o ABSOLUTE
    ../clib/printf.c                         0x00000000   Number         0  __printf.o ABSOLUTE
    ../clib/printf.c                         0x00000000   Number         0  __printf_flags_ss.o ABSOLUTE
    ../clib/printf.c                         0x00000000   Number         0  __printf_ss.o ABSOLUTE
    ../clib/printf.c                         0x00000000   Number         0  _printf_intcommon.o ABSOLUTE
    ../clib/printf.c                         0x00000000   Number         0  noretval__2printf.o ABSOLUTE
    ../clib/printf.c                         0x00000000   Number         0  _printf_char_file.o ABSOLUTE
    ../clib/printf.c                         0x00000000   Number         0  _printf_dec.o ABSOLUTE
    ../clib/printf.c                         0x00000000   Number         0  __2printf.o ABSOLUTE
    ../clib/printf.c                         0x00000000   Number         0  __printf_nopercent.o ABSOLUTE
    ../clib/printf.c                         0x00000000   Number         0  __printf_flags.o ABSOLUTE
    ../clib/printf.c                         0x00000000   Number         0  _printf_char_common.o ABSOLUTE
    ../clib/printf_percent.s                 0x00000000   Number         0  _printf_percent.o ABSOLUTE
    ../clib/printf_percent.s                 0x00000000   Number         0  _printf_percent_end.o ABSOLUTE
    ../clib/printf_percent.s                 0x00000000   Number         0  _printf_d.o ABSOLUTE
    ../clib/signal.c                         0x00000000   Number         0  defsig_general.o ABSOLUTE
    ../clib/signal.c                         0x00000000   Number         0  defsig_abrt_inner.o ABSOLUTE
    ../clib/signal.c                         0x00000000   Number         0  defsig_fpe_inner.o ABSOLUTE
    ../clib/signal.c                         0x00000000   Number         0  defsig_rtred_inner.o ABSOLUTE
    ../clib/signal.c                         0x00000000   Number         0  defsig_stak_inner.o ABSOLUTE
    ../clib/signal.c                         0x00000000   Number         0  defsig_pvfn_inner.o ABSOLUTE
    ../clib/signal.c                         0x00000000   Number         0  defsig_cppl_inner.o ABSOLUTE
    ../clib/signal.c                         0x00000000   Number         0  defsig_segv_inner.o ABSOLUTE
    ../clib/signal.c                         0x00000000   Number         0  defsig_other.o ABSOLUTE
    ../clib/signal.c                         0x00000000   Number         0  defsig_rtmem_outer.o ABSOLUTE
    ../clib/signal.c                         0x00000000   Number         0  defsig_rtmem_formal.o ABSOLUTE
    ../clib/signal.c                         0x00000000   Number         0  defsig_exit.o ABSOLUTE
    ../clib/signal.c                         0x00000000   Number         0  defsig_rtmem_inner.o ABSOLUTE
    ../clib/signal.c                         0x00000000   Number         0  __raise.o ABSOLUTE
    ../clib/signal.s                         0x00000000   Number         0  defsig.o ABSOLUTE
    ../clib/stdio.c                          0x00000000   Number         0  ferror_locked.o ABSOLUTE
    ../clib/stdio.c                          0x00000000   Number         0  ferror.o ABSOLUTE
    ../clib/stdlib.c                         0x00000000   Number         0  exit.o ABSOLUTE
    ../fplib/d2f.s                           0x00000000   Number         0  d2f.o ABSOLUTE
    ../fplib/daddsub.s                       0x00000000   Number         0  daddsub_clz.o ABSOLUTE
    ../fplib/dcmpi.s                         0x00000000   Number         0  dcmpi.o ABSOLUTE
    ../fplib/ddiv.s                          0x00000000   Number         0  ddiv.o ABSOLUTE
    ../fplib/dleqf.s                         0x00000000   Number         0  dleqf.o ABSOLUTE
    ../fplib/dnaninf.s                       0x00000000   Number         0  dnaninf.o ABSOLUTE
    ../fplib/dretinf.s                       0x00000000   Number         0  dretinf.o ABSOLUTE
    ../fplib/drleqf.s                        0x00000000   Number         0  drleqf.o ABSOLUTE
    ../fplib/f2d.s                           0x00000000   Number         0  f2d.o ABSOLUTE
    ../fplib/faddsub.s                       0x00000000   Number         0  faddsub_clz.o ABSOLUTE
    ../fplib/fcmpi.s                         0x00000000   Number         0  fcmpi.o ABSOLUTE
    ../fplib/fdiv.s                          0x00000000   Number         0  fdiv.o ABSOLUTE
    ../fplib/ffixu.s                         0x00000000   Number         0  ffixu.o ABSOLUTE
    ../fplib/fflt.s                          0x00000000   Number         0  fflt_clz.o ABSOLUTE
    ../fplib/fleqf.s                         0x00000000   Number         0  fleqf.o ABSOLUTE
    ../fplib/fmul.s                          0x00000000   Number         0  fmul.o ABSOLUTE
    ../fplib/fnaninf.s                       0x00000000   Number         0  fnaninf.o ABSOLUTE
    ../fplib/fpinit.s                        0x00000000   Number         0  fpinit.o ABSOLUTE
    ../fplib/fretinf.s                       0x00000000   Number         0  fretinf.o ABSOLUTE
    ../fplib/frleqf.s                        0x00000000   Number         0  frleqf.o ABSOLUTE
    ../fplib/usenofp.s                       0x00000000   Number         0  usenofp.o ABSOLUTE
    ..\HARDWARE\ADC\adc.c                    0x00000000   Number         0  adc.o ABSOLUTE
    ..\HARDWARE\BEEP\beep.c                  0x00000000   Number         0  beep.o ABSOLUTE
    ..\HARDWARE\DAC\dac.c                    0x00000000   Number         0  dac.o ABSOLUTE
    ..\HARDWARE\EXTI\exti.c                  0x00000000   Number         0  exti.o ABSOLUTE
    ..\HARDWARE\KEY\key.c                    0x00000000   Number         0  key.o ABSOLUTE
    ..\HARDWARE\LCD\LCD.c                    0x00000000   Number         0  lcd.o ABSOLUTE
    ..\HARDWARE\LED\led.c                    0x00000000   Number         0  led.o ABSOLUTE
    ..\HARDWARE\RTC\rtc.c                    0x00000000   Number         0  rtc.o ABSOLUTE
    ..\HARDWARE\STMFLASH\stmflash.c          0x00000000   Number         0  stmflash.o ABSOLUTE
    ..\HARDWARE\TIMER\timer.c                0x00000000   Number         0  timer.o ABSOLUTE
    ..\HARDWARE\WDG\wdg.c                    0x00000000   Number         0  wdg.o ABSOLUTE
    ..\HARDWARE\WKUP\wkup.c                  0x00000000   Number         0  wkup.o ABSOLUTE
    ..\HARDWARE\touch\touch.c                0x00000000   Number         0  touch.o ABSOLUTE
    ..\SYSTEM\delay\delay.c                  0x00000000   Number         0  delay.o ABSOLUTE
    ..\SYSTEM\sys\sys.c                      0x00000000   Number         0  sys.o ABSOLUTE
    ..\SYSTEM\usart\usart.c                  0x00000000   Number         0  usart.o ABSOLUTE
    ..\UCOSII\CORE\os_core.c                 0x00000000   Number         0  os_core.o ABSOLUTE
    ..\UCOSII\CORE\os_flag.c                 0x00000000   Number         0  os_flag.o ABSOLUTE
    ..\UCOSII\CORE\os_mbox.c                 0x00000000   Number         0  os_mbox.o ABSOLUTE
    ..\UCOSII\CORE\os_mem.c                  0x00000000   Number         0  os_mem.o ABSOLUTE
    ..\UCOSII\CORE\os_mutex.c                0x00000000   Number         0  os_mutex.o ABSOLUTE
    ..\UCOSII\CORE\os_q.c                    0x00000000   Number         0  os_q.o ABSOLUTE
    ..\UCOSII\CORE\os_sem.c                  0x00000000   Number         0  os_sem.o ABSOLUTE
    ..\UCOSII\CORE\os_task.c                 0x00000000   Number         0  os_task.o ABSOLUTE
    ..\UCOSII\CORE\os_time.c                 0x00000000   Number         0  os_time.o ABSOLUTE
    ..\UCOSII\CORE\os_tmr.c                  0x00000000   Number         0  os_tmr.o ABSOLUTE
    ..\UCOSII\PORT\os_cpu_a.asm              0x00000000   Number         0  os_cpu_a.o ABSOLUTE
    ..\UCOSII\PORT\os_cpu_c.c                0x00000000   Number         0  os_cpu_c.o ABSOLUTE
    ..\\HARDWARE\\ADC\\adc.c                 0x00000000   Number         0  adc.o ABSOLUTE
    ..\\HARDWARE\\BEEP\\beep.c               0x00000000   Number         0  beep.o ABSOLUTE
    ..\\HARDWARE\\DAC\\dac.c                 0x00000000   Number         0  dac.o ABSOLUTE
    ..\\HARDWARE\\EXTI\\exti.c               0x00000000   Number         0  exti.o ABSOLUTE
    ..\\HARDWARE\\KEY\\key.c                 0x00000000   Number         0  key.o ABSOLUTE
    ..\\HARDWARE\\LCD\\LCD.c                 0x00000000   Number         0  lcd.o ABSOLUTE
    ..\\HARDWARE\\LED\\led.c                 0x00000000   Number         0  led.o ABSOLUTE
    ..\\HARDWARE\\RTC\\rtc.c                 0x00000000   Number         0  rtc.o ABSOLUTE
    ..\\HARDWARE\\STMFLASH\\stmflash.c       0x00000000   Number         0  stmflash.o ABSOLUTE
    ..\\HARDWARE\\TIMER\\timer.c             0x00000000   Number         0  timer.o ABSOLUTE
    ..\\HARDWARE\\WDG\\wdg.c                 0x00000000   Number         0  wdg.o ABSOLUTE
    ..\\HARDWARE\\WKUP\\wkup.c               0x00000000   Number         0  wkup.o ABSOLUTE
    ..\\HARDWARE\\touch\\touch.c             0x00000000   Number         0  touch.o ABSOLUTE
    ..\\SYSTEM\\delay\\delay.c               0x00000000   Number         0  delay.o ABSOLUTE
    ..\\SYSTEM\\sys\\sys.c                   0x00000000   Number         0  sys.o ABSOLUTE
    ..\\SYSTEM\\usart\\usart.c               0x00000000   Number         0  usart.o ABSOLUTE
    ..\\UCOSII\\CORE\\os_core.c              0x00000000   Number         0  os_core.o ABSOLUTE
    ..\\UCOSII\\CORE\\os_flag.c              0x00000000   Number         0  os_flag.o ABSOLUTE
    ..\\UCOSII\\CORE\\os_mbox.c              0x00000000   Number         0  os_mbox.o ABSOLUTE
    ..\\UCOSII\\CORE\\os_mem.c               0x00000000   Number         0  os_mem.o ABSOLUTE
    ..\\UCOSII\\CORE\\os_mutex.c             0x00000000   Number         0  os_mutex.o ABSOLUTE
    ..\\UCOSII\\CORE\\os_q.c                 0x00000000   Number         0  os_q.o ABSOLUTE
    ..\\UCOSII\\CORE\\os_sem.c               0x00000000   Number         0  os_sem.o ABSOLUTE
    ..\\UCOSII\\CORE\\os_task.c              0x00000000   Number         0  os_task.o ABSOLUTE
    ..\\UCOSII\\CORE\\os_time.c              0x00000000   Number         0  os_time.o ABSOLUTE
    ..\\UCOSII\\CORE\\os_tmr.c               0x00000000   Number         0  os_tmr.o ABSOLUTE
    ..\\UCOSII\\PORT\\os_cpu_c.c             0x00000000   Number         0  os_cpu_c.o ABSOLUTE
    dc.s                                     0x00000000   Number         0  dc.o ABSOLUTE
    startup_stm32f10x_md.s                   0x00000000   Number         0  startup_stm32f10x_md.o ABSOLUTE
    system_stm32f10x.c                       0x00000000   Number         0  system_stm32f10x.o ABSOLUTE
    system_stm32f10x.c                       0x00000000   Number         0  system_stm32f10x.o ABSOLUTE
    test.c                                   0x00000000   Number         0  test.o ABSOLUTE
    test.c                                   0x00000000   Number         0  test.o ABSOLUTE
    RESET                                    0x08000000   Section      236  startup_stm32f10x_md.o(RESET)
    !!!main                                  0x080000ec   Section        8  __main.o(!!!main)
    !!!scatter                               0x080000f4   Section       52  __scatter.o(!!!scatter)
    !!dclz77c                                0x08000128   Section      100  __dclz77c.o(!!dclz77c)
    !!handler_zi                             0x0800018c   Section       28  __scatter_zi.o(!!handler_zi)
    .ARM.Collect$$_printf_percent$$00000000  0x080001a8   Section        0  _printf_percent.o(.ARM.Collect$$_printf_percent$$00000000)
    .ARM.Collect$$_printf_percent$$00000009  0x080001a8   Section        6  _printf_d.o(.ARM.Collect$$_printf_percent$$00000009)
    .ARM.Collect$$_printf_percent$$00000017  0x080001ae   Section        4  _printf_percent_end.o(.ARM.Collect$$_printf_percent$$00000017)
    .ARM.Collect$$libinit$$00000000          0x080001b2   Section        2  libinit.o(.ARM.Collect$$libinit$$00000000)
    .ARM.Collect$$libinit$$00000002          0x080001b4   Section        0  libinit2.o(.ARM.Collect$$libinit$$00000002)
    .ARM.Collect$$libinit$$00000008          0x080001b4   Section        0  libinit2.o(.ARM.Collect$$libinit$$00000008)
    .ARM.Collect$$libinit$$0000000A          0x080001b4   Section        0  libinit2.o(.ARM.Collect$$libinit$$0000000A)
    .ARM.Collect$$libinit$$0000000C          0x080001b4   Section        0  libinit2.o(.ARM.Collect$$libinit$$0000000C)
    .ARM.Collect$$libinit$$0000000F          0x080001b4   Section        0  libinit2.o(.ARM.Collect$$libinit$$0000000F)
    .ARM.Collect$$libinit$$00000011          0x080001b4   Section        0  libinit2.o(.ARM.Collect$$libinit$$00000011)
    .ARM.Collect$$libinit$$00000013          0x080001b4   Section        0  libinit2.o(.ARM.Collect$$libinit$$00000013)
    .ARM.Collect$$libinit$$00000015          0x080001b4   Section        0  libinit2.o(.ARM.Collect$$libinit$$00000015)
    .ARM.Collect$$libinit$$00000017          0x080001b4   Section        0  libinit2.o(.ARM.Collect$$libinit$$00000017)
    .ARM.Collect$$libinit$$00000019          0x080001b4   Section        0  libinit2.o(.ARM.Collect$$libinit$$00000019)
    .ARM.Collect$$libinit$$0000001B          0x080001b4   Section        0  libinit2.o(.ARM.Collect$$libinit$$0000001B)
    .ARM.Collect$$libinit$$0000001D          0x080001b4   Section        0  libinit2.o(.ARM.Collect$$libinit$$0000001D)
    .ARM.Collect$$libinit$$0000001F          0x080001b4   Section        0  libinit2.o(.ARM.Collect$$libinit$$0000001F)
    .ARM.Collect$$libinit$$00000021          0x080001b4   Section        0  libinit2.o(.ARM.Collect$$libinit$$00000021)
    .ARM.Collect$$libinit$$00000023          0x080001b4   Section        0  libinit2.o(.ARM.Collect$$libinit$$00000023)
    .ARM.Collect$$libinit$$0000002A          0x080001b4   Section        0  libinit2.o(.ARM.Collect$$libinit$$0000002A)
    .ARM.Collect$$libinit$$0000002C          0x080001b4   Section        0  libinit2.o(.ARM.Collect$$libinit$$0000002C)
    .ARM.Collect$$libinit$$0000002E          0x080001b4   Section        0  libinit2.o(.ARM.Collect$$libinit$$0000002E)
    .ARM.Collect$$libinit$$00000030          0x080001b4   Section        0  libinit2.o(.ARM.Collect$$libinit$$00000030)
    .ARM.Collect$$libinit$$00000031          0x080001b4   Section        2  libinit2.o(.ARM.Collect$$libinit$$00000031)
    .ARM.Collect$$libshutdown$$00000000      0x080001b6   Section        2  libshutdown.o(.ARM.Collect$$libshutdown$$00000000)
    .ARM.Collect$$libshutdown$$00000003      0x080001b8   Section        0  libshutdown2.o(.ARM.Collect$$libshutdown$$00000003)
    .ARM.Collect$$libshutdown$$00000006      0x080001b8   Section        0  libshutdown2.o(.ARM.Collect$$libshutdown$$00000006)
    .ARM.Collect$$libshutdown$$00000009      0x080001b8   Section        0  libshutdown2.o(.ARM.Collect$$libshutdown$$00000009)
    .ARM.Collect$$libshutdown$$0000000B      0x080001b8   Section        0  libshutdown2.o(.ARM.Collect$$libshutdown$$0000000B)
    .ARM.Collect$$libshutdown$$0000000E      0x080001b8   Section        0  libshutdown2.o(.ARM.Collect$$libshutdown$$0000000E)
    .ARM.Collect$$libshutdown$$0000000F      0x080001b8   Section        2  libshutdown2.o(.ARM.Collect$$libshutdown$$0000000F)
    .ARM.Collect$$rtentry$$00000000          0x080001ba   Section        0  rtentry.o(.ARM.Collect$$rtentry$$00000000)
    .ARM.Collect$$rtentry$$00000002          0x080001ba   Section        0  rtentry2.o(.ARM.Collect$$rtentry$$00000002)
    .ARM.Collect$$rtentry$$00000004          0x080001ba   Section        6  rtentry4.o(.ARM.Collect$$rtentry$$00000004)
    .ARM.Collect$$rtentry$$00000009          0x080001c0   Section        0  rtentry2.o(.ARM.Collect$$rtentry$$00000009)
    .ARM.Collect$$rtentry$$0000000A          0x080001c0   Section        4  rtentry2.o(.ARM.Collect$$rtentry$$0000000A)
    .ARM.Collect$$rtentry$$0000000C          0x080001c4   Section        0  rtentry2.o(.ARM.Collect$$rtentry$$0000000C)
    .ARM.Collect$$rtentry$$0000000D          0x080001c4   Section        8  rtentry2.o(.ARM.Collect$$rtentry$$0000000D)
    .ARM.Collect$$rtexit$$00000000           0x080001cc   Section        2  rtexit.o(.ARM.Collect$$rtexit$$00000000)
    .ARM.Collect$$rtexit$$00000002           0x080001ce   Section        0  rtexit2.o(.ARM.Collect$$rtexit$$00000002)
    .ARM.Collect$$rtexit$$00000003           0x080001ce   Section        4  rtexit2.o(.ARM.Collect$$rtexit$$00000003)
    .ARM.Collect$$rtexit$$00000004           0x080001d2   Section        6  rtexit2.o(.ARM.Collect$$rtexit$$00000004)
    .emb_text                                0x080001d8   Section       12  sys.o(.emb_text)
    .text                                    0x080001e4   Section       64  startup_stm32f10x_md.o(.text)
    .text                                    0x08000224   Section        0  system_stm32f10x.o(.text)
    SetSysClockTo72                          0x08000225   Thumb Code   212  system_stm32f10x.o(.text)
    SetSysClock                              0x080002f9   Thumb Code     8  system_stm32f10x.o(.text)
    .text                                    0x08000400   Section        0  test.o(.text)
    .text                                    0x08001b80   Section        0  delay.o(.text)
    .text                                    0x08001c80   Section        0  sys.o(.text)
    .text                                    0x08001f30   Section        0  usart.o(.text)
    .text                                    0x080020c8   Section        0  led.o(.text)
    .text                                    0x08002118   Section        0  key.o(.text)
    .text                                    0x08002220   Section        0  exti.o(.text)
    .text                                    0x080022dc   Section        0  wdg.o(.text)
    .text                                    0x080023b0   Section        0  timer.o(.text)
    .text                                    0x08002704   Section        0  rtc.o(.text)
    .text                                    0x08002d1c   Section        0  wkup.o(.text)
    .text                                    0x08002de8   Section        0  lcd.o(.text)
    .text                                    0x08003848   Section        0  touch.o(.text)
    .text                                    0x0800430c   Section        0  os_core.o(.text)
    OS_InitTaskStat                          0x080043b7   Thumb Code    52  os_core.o(.text)
    OS_InitTaskIdle                          0x0800440d   Thumb Code    52  os_core.o(.text)
    OS_InitEventList                         0x08004453   Thumb Code    74  os_core.o(.text)
    OS_InitTCBList                           0x0800449d   Thumb Code   106  os_core.o(.text)
    OS_InitRdyList                           0x08004507   Thumb Code    44  os_core.o(.text)
    OS_InitMisc                              0x08004533   Thumb Code    44  os_core.o(.text)
    OS_SchedNew                              0x080045ab   Thumb Code    26  os_core.o(.text)
    .text                                    0x08004bbc   Section        0  os_flag.o(.text)
    OS_FlagTaskRdy                           0x08004d33   Thumb Code    96  os_flag.o(.text)
    OS_FlagBlock                             0x08004efb   Thumb Code   152  os_flag.o(.text)
    .text                                    0x080053d4   Section        0  os_mbox.o(.text)
    .text                                    0x080057a0   Section        0  os_q.o(.text)
    .text                                    0x08005d88   Section        0  os_sem.o(.text)
    .text                                    0x08006110   Section        0  os_task.o(.text)
    .text                                    0x080068dc   Section        0  os_time.o(.text)
    .text                                    0x08006a94   Section        0  os_tmr.o(.text)
    OSTmr_Alloc                              0x08006a95   Thumb Code    50  os_tmr.o(.text)
    OSTmr_Free                               0x08006b27   Thumb Code    58  os_tmr.o(.text)
    OSTmr_Unlink                             0x08006b61   Thumb Code    62  os_tmr.o(.text)
    OSTmr_Link                               0x08006d87   Thumb Code   100  os_tmr.o(.text)
    OSTmr_Task                               0x08006f4d   Thumb Code   114  os_tmr.o(.text)
    OSTmr_InitTask                           0x08006fbf   Thumb Code    50  os_tmr.o(.text)
    .text                                    0x080070c8   Section        0  os_cpu_c.o(.text)
    .text                                    0x0800719c   Section      180  os_cpu_a.o(.text)
    .text                                    0x08007250   Section        2  use_no_semi_2.o(.text)
    .text                                    0x08007254   Section        0  noretval__2printf.o(.text)
    .text                                    0x0800726c   Section        0  __printf.o(.text)
    .text                                    0x080072d4   Section        0  _printf_dec.o(.text)
    .text                                    0x0800734c   Section        0  heapauxi.o(.text)
    .text                                    0x08007352   Section        2  use_no_semi.o(.text)
    .text                                    0x08007354   Section        0  _printf_intcommon.o(.text)
    .text                                    0x0800740c   Section        0  _printf_char_file.o(.text)
    .text                                    0x08007430   Section        0  _printf_char_common.o(.text)
    _printf_input_char                       0x08007431   Thumb Code    10  _printf_char_common.o(.text)
    .text                                    0x08007460   Section        0  ferror.o(.text)
    .text                                    0x08007468   Section       74  sys_stackheap_outer.o(.text)
    .text                                    0x080074b2   Section        0  exit.o(.text)
    .text                                    0x080074c0   Section        8  libspace.o(.text)
    x$fpl$dadd                               0x080074c8   Section      336  daddsub_clz.o(x$fpl$dadd)
    _dadd1                                   0x080074d9   Thumb Code     0  daddsub_clz.o(x$fpl$dadd)
    x$fpl$dcmpinf                            0x08007618   Section       24  dcmpi.o(x$fpl$dcmpinf)
    x$fpl$dleqf                              0x08007630   Section      120  dleqf.o(x$fpl$dleqf)
    x$fpl$dnaninf                            0x080076a8   Section      156  dnaninf.o(x$fpl$dnaninf)
    x$fpl$dretinf                            0x08007744   Section       12  dretinf.o(x$fpl$dretinf)
    x$fpl$drleqf                             0x08007750   Section      108  drleqf.o(x$fpl$drleqf)
    x$fpl$dsub                               0x080077bc   Section      468  daddsub_clz.o(x$fpl$dsub)
    _dsub1                                   0x080077cd   Thumb Code     0  daddsub_clz.o(x$fpl$dsub)
    x$fpl$fadd                               0x08007990   Section      196  faddsub_clz.o(x$fpl$fadd)
    _fadd1                                   0x0800799f   Thumb Code     0  faddsub_clz.o(x$fpl$fadd)
    x$fpl$fcmpinf                            0x08007a54   Section       24  fcmpi.o(x$fpl$fcmpinf)
    x$fpl$fdiv                               0x08007a6c   Section      388  fdiv.o(x$fpl$fdiv)
    _fdiv1                                   0x08007a6d   Thumb Code     0  fdiv.o(x$fpl$fdiv)
    x$fpl$ffixu                              0x08007bf0   Section       62  ffixu.o(x$fpl$ffixu)
    x$fpl$ffltu                              0x08007c30   Section       38  fflt_clz.o(x$fpl$ffltu)
    x$fpl$fleqf                              0x08007c58   Section      104  fleqf.o(x$fpl$fleqf)
    x$fpl$fmul                               0x08007cc0   Section      258  fmul.o(x$fpl$fmul)
    x$fpl$fnaninf                            0x08007dc2   Section      140  fnaninf.o(x$fpl$fnaninf)
    x$fpl$fretinf                            0x08007e4e   Section       10  fretinf.o(x$fpl$fretinf)
    x$fpl$frleqf                             0x08007e58   Section       98  frleqf.o(x$fpl$frleqf)
    x$fpl$frsb                               0x08007eba   Section       20  faddsub_clz.o(x$fpl$frsb)
    x$fpl$fsub                               0x08007ed0   Section      234  faddsub_clz.o(x$fpl$fsub)
    _fsub1                                   0x08007edf   Thumb Code     0  faddsub_clz.o(x$fpl$fsub)
    .constdata                               0x08007fba   Section       24  rtc.o(.constdata)
    x$fpl$usenofp                            0x08007fba   Section        0  usenofp.o(x$fpl$usenofp)
    .constdata                               0x08007fd2   Section      256  os_core.o(.constdata)
    .data                                    0x20000000   Section       20  system_stm32f10x.o(.data)
    .data                                    0x20000014   Section       27  test.o(.data)
    .data                                    0x20000030   Section        4  delay.o(.data)
    fac_us                                   0x20000030   Data           1  delay.o(.data)
    fac_ms                                   0x20000032   Data           2  delay.o(.data)
    .data                                    0x20000034   Section        8  usart.o(.data)
    .data                                    0x2000003c   Section        1  key.o(.data)
    key_up                                   0x2000003c   Data           1  key.o(.data)
    .data                                    0x2000003d   Section        1  wdg.o(.data)
    .data                                    0x2000003e   Section        5  timer.o(.data)
    .data                                    0x20000044   Section        2  rtc.o(.data)
    daycnt                                   0x20000044   Data           2  rtc.o(.data)
    .data                                    0x20000046   Section     7708  lcd.o(.data)
    .data                                    0x20001e62   Section       16  touch.o(.data)
    .data                                    0x20001e74   Section       92  os_core.o(.data)
    .data                                    0x20001ed0   Section        6  os_cpu_c.o(.data)
    OSTmrCtr                                 0x20001ed4   Data           2  os_cpu_c.o(.data)
    .bss                                     0x20001ed8   Section     6144  test.o(.bss)
    .bss                                     0x200036d8   Section      200  usart.o(.bss)
    .bss                                     0x200037a0   Section       10  rtc.o(.bss)
    .bss                                     0x200037ac   Section     3904  os_core.o(.bss)
    .bss                                     0x200046ec   Section       96  libspace.o(.bss)
    HEAP                                     0x20004750   Section      512  startup_stm32f10x_md.o(HEAP)
    Heap_Mem                                 0x20004750   Data         512  startup_stm32f10x_md.o(HEAP)
    STACK                                    0x20004950   Section     1024  startup_stm32f10x_md.o(STACK)
    Stack_Mem                                0x20004950   Data        1024  startup_stm32f10x_md.o(STACK)
    __initial_sp                             0x20004d50   Data           0  startup_stm32f10x_md.o(STACK)

    Global Symbols

    Symbol Name                              Value     Ov Type        Size  Object(Section)

    BuildAttributes$$THM_ISAv4$P$D$K$B$S$PE$A:L22UL41UL21$X:L11$S22US41US21$IEEE1$IW$USESV6$~STKCKD$USESV7$~SHL$OSPACE$ROPI$EBA8$UX$STANDARDLIB$REQ8$PRES8$EABIv2 0x00000000   Number         0  anon$$obj.o ABSOLUTE
    __ARM_use_no_argv                        0x00000000   Number         0  test.o ABSOLUTE
    __ARM_exceptions_init                     - Undefined Weak Reference
    __alloca_initialize                       - Undefined Weak Reference
    __cpp_initialize__aeabi_                  - Undefined Weak Reference
    __cxa_finalize                            - Undefined Weak Reference
    __rt_locale                               - Undefined Weak Reference
    __sigvec_lookup                           - Undefined Weak Reference
    _atexit_init                              - Undefined Weak Reference
    _call_atexit_fns                          - Undefined Weak Reference
    _clock_init                               - Undefined Weak Reference
    _fp_trap_init                             - Undefined Weak Reference
    _fp_trap_shutdown                         - Undefined Weak Reference
    _get_lc_collate                           - Undefined Weak Reference
    _get_lc_ctype                             - Undefined Weak Reference
    _get_lc_monetary                          - Undefined Weak Reference
    _get_lc_numeric                           - Undefined Weak Reference
    _get_lc_time                              - Undefined Weak Reference
    _getenv_init                              - Undefined Weak Reference
    _handle_redirection                       - Undefined Weak Reference
    _init_alloc                               - Undefined Weak Reference
    _init_user_alloc                          - Undefined Weak Reference
    _initio                                   - Undefined Weak Reference
    _mutex_acquire                            - Undefined Weak Reference
    _mutex_release                            - Undefined Weak Reference
    _printf_post_padding                      - Undefined Weak Reference
    _printf_pre_padding                       - Undefined Weak Reference
    _printf_truncate_signed                   - Undefined Weak Reference
    _printf_truncate_unsigned                 - Undefined Weak Reference
    _rand_init                                - Undefined Weak Reference
    _signal_finish                            - Undefined Weak Reference
    _signal_init                              - Undefined Weak Reference
    _terminate_alloc                          - Undefined Weak Reference
    _terminate_user_alloc                     - Undefined Weak Reference
    _terminateio                              - Undefined Weak Reference
    __Vectors_Size                           0x000000ec   Number         0  startup_stm32f10x_md.o ABSOLUTE
    __Vectors                                0x08000000   Data           4  startup_stm32f10x_md.o(RESET)
    __Vectors_End                            0x080000ec   Data           0  startup_stm32f10x_md.o(RESET)
    __main                                   0x080000ed   Thumb Code     8  __main.o(!!!main)
    __scatterload                            0x080000f5   Thumb Code     0  __scatter.o(!!!scatter)
    __scatterload_rt2                        0x080000f5   Thumb Code    44  __scatter.o(!!!scatter)
    __scatterload_rt2_thumb_only             0x080000f5   Thumb Code     0  __scatter.o(!!!scatter)
    __scatterload_null                       0x08000103   Thumb Code     0  __scatter.o(!!!scatter)
    __decompress                             0x08000129   Thumb Code   100  __dclz77c.o(!!dclz77c)
    __decompress2                            0x08000129   Thumb Code     0  __dclz77c.o(!!dclz77c)
    __scatterload_zeroinit                   0x0800018d   Thumb Code    28  __scatter_zi.o(!!handler_zi)
    _printf_d                                0x080001a9   Thumb Code     0  _printf_d.o(.ARM.Collect$$_printf_percent$$00000009)
    _printf_percent                          0x080001a9   Thumb Code     0  _printf_percent.o(.ARM.Collect$$_printf_percent$$00000000)
    _printf_percent_end                      0x080001af   Thumb Code     0  _printf_percent_end.o(.ARM.Collect$$_printf_percent$$00000017)
    __rt_lib_init                            0x080001b3   Thumb Code     0  libinit.o(.ARM.Collect$$libinit$$00000000)
    __rt_lib_init_alloca_1                   0x080001b5   Thumb Code     0  libinit2.o(.ARM.Collect$$libinit$$0000002C)
    __rt_lib_init_argv_1                     0x080001b5   Thumb Code     0  libinit2.o(.ARM.Collect$$libinit$$0000002A)
    __rt_lib_init_atexit_1                   0x080001b5   Thumb Code     0  libinit2.o(.ARM.Collect$$libinit$$00000019)
    __rt_lib_init_clock_1                    0x080001b5   Thumb Code     0  libinit2.o(.ARM.Collect$$libinit$$0000001F)
    __rt_lib_init_cpp_1                      0x080001b5   Thumb Code     0  libinit2.o(.ARM.Collect$$libinit$$00000030)
    __rt_lib_init_exceptions_1               0x080001b5   Thumb Code     0  libinit2.o(.ARM.Collect$$libinit$$0000002E)
    __rt_lib_init_fp_1                       0x080001b5   Thumb Code     0  libinit2.o(.ARM.Collect$$libinit$$00000002)
    __rt_lib_init_fp_trap_1                  0x080001b5   Thumb Code     0  libinit2.o(.ARM.Collect$$libinit$$0000001D)
    __rt_lib_init_getenv_1                   0x080001b5   Thumb Code     0  libinit2.o(.ARM.Collect$$libinit$$00000021)
    __rt_lib_init_heap_1                     0x080001b5   Thumb Code     0  libinit2.o(.ARM.Collect$$libinit$$00000008)
    __rt_lib_init_lc_collate_1               0x080001b5   Thumb Code     0  libinit2.o(.ARM.Collect$$libinit$$0000000F)
    __rt_lib_init_lc_ctype_1                 0x080001b5   Thumb Code     0  libinit2.o(.ARM.Collect$$libinit$$00000011)
    __rt_lib_init_lc_monetary_1              0x080001b5   Thumb Code     0  libinit2.o(.ARM.Collect$$libinit$$00000013)
    __rt_lib_init_lc_numeric_1               0x080001b5   Thumb Code     0  libinit2.o(.ARM.Collect$$libinit$$00000015)
    __rt_lib_init_lc_time_1                  0x080001b5   Thumb Code     0  libinit2.o(.ARM.Collect$$libinit$$00000017)
    __rt_lib_init_rand_1                     0x080001b5   Thumb Code     0  libinit2.o(.ARM.Collect$$libinit$$0000000C)
    __rt_lib_init_return                     0x080001b5   Thumb Code     0  libinit2.o(.ARM.Collect$$libinit$$00000031)
    __rt_lib_init_signal_1                   0x080001b5   Thumb Code     0  libinit2.o(.ARM.Collect$$libinit$$0000001B)
    __rt_lib_init_stdio_1                    0x080001b5   Thumb Code     0  libinit2.o(.ARM.Collect$$libinit$$00000023)
    __rt_lib_init_user_alloc_1               0x080001b5   Thumb Code     0  libinit2.o(.ARM.Collect$$libinit$$0000000A)
    __rt_lib_shutdown                        0x080001b7   Thumb Code     0  libshutdown.o(.ARM.Collect$$libshutdown$$00000000)
    __rt_lib_shutdown_fp_trap_1              0x080001b9   Thumb Code     0  libshutdown2.o(.ARM.Collect$$libshutdown$$00000006)
    __rt_lib_shutdown_heap_1                 0x080001b9   Thumb Code     0  libshutdown2.o(.ARM.Collect$$libshutdown$$0000000E)
    __rt_lib_shutdown_return                 0x080001b9   Thumb Code     0  libshutdown2.o(.ARM.Collect$$libshutdown$$0000000F)
    __rt_lib_shutdown_signal_1               0x080001b9   Thumb Code     0  libshutdown2.o(.ARM.Collect$$libshutdown$$00000009)
    __rt_lib_shutdown_stdio_1                0x080001b9   Thumb Code     0  libshutdown2.o(.ARM.Collect$$libshutdown$$00000003)
    __rt_lib_shutdown_user_alloc_1           0x080001b9   Thumb Code     0  libshutdown2.o(.ARM.Collect$$libshutdown$$0000000B)
    __rt_entry                               0x080001bb   Thumb Code     0  rtentry.o(.ARM.Collect$$rtentry$$00000000)
    __rt_entry_presh_1                       0x080001bb   Thumb Code     0  rtentry2.o(.ARM.Collect$$rtentry$$00000002)
    __rt_entry_sh                            0x080001bb   Thumb Code     0  rtentry4.o(.ARM.Collect$$rtentry$$00000004)
    __rt_entry_li                            0x080001c1   Thumb Code     0  rtentry2.o(.ARM.Collect$$rtentry$$0000000A)
    __rt_entry_postsh_1                      0x080001c1   Thumb Code     0  rtentry2.o(.ARM.Collect$$rtentry$$00000009)
    __rt_entry_main                          0x080001c5   Thumb Code     0  rtentry2.o(.ARM.Collect$$rtentry$$0000000D)
    __rt_entry_postli_1                      0x080001c5   Thumb Code     0  rtentry2.o(.ARM.Collect$$rtentry$$0000000C)
    __rt_exit                                0x080001cd   Thumb Code     0  rtexit.o(.ARM.Collect$$rtexit$$00000000)
    __rt_exit_ls                             0x080001cf   Thumb Code     0  rtexit2.o(.ARM.Collect$$rtexit$$00000003)
    __rt_exit_prels_1                        0x080001cf   Thumb Code     0  rtexit2.o(.ARM.Collect$$rtexit$$00000002)
    __rt_exit_exit                           0x080001d3   Thumb Code     0  rtexit2.o(.ARM.Collect$$rtexit$$00000004)
    WFI_SET                                  0x080001d9   Thumb Code     2  sys.o(.emb_text)
    INTX_DISABLE                             0x080001db   Thumb Code     2  sys.o(.emb_text)
    INTX_ENABLE                              0x080001dd   Thumb Code     2  sys.o(.emb_text)
    MSR_MSP                                  0x080001df   Thumb Code     6  sys.o(.emb_text)
    Reset_Handler                            0x080001e5   Thumb Code     8  startup_stm32f10x_md.o(.text)
    NMI_Handler                              0x080001ed   Thumb Code     2  startup_stm32f10x_md.o(.text)
    HardFault_Handler                        0x080001ef   Thumb Code     2  startup_stm32f10x_md.o(.text)
    MemManage_Handler                        0x080001f1   Thumb Code     2  startup_stm32f10x_md.o(.text)
    BusFault_Handler                         0x080001f3   Thumb Code     2  startup_stm32f10x_md.o(.text)
    UsageFault_Handler                       0x080001f5   Thumb Code     2  startup_stm32f10x_md.o(.text)
    SVC_Handler                              0x080001f7   Thumb Code     2  startup_stm32f10x_md.o(.text)
    DebugMon_Handler                         0x080001f9   Thumb Code     2  startup_stm32f10x_md.o(.text)
    ADC1_2_IRQHandler                        0x080001ff   Thumb Code     0  startup_stm32f10x_md.o(.text)
    CAN1_RX1_IRQHandler                      0x080001ff   Thumb Code     0  startup_stm32f10x_md.o(.text)
    CAN1_SCE_IRQHandler                      0x080001ff   Thumb Code     0  startup_stm32f10x_md.o(.text)
    DMA1_Channel1_IRQHandler                 0x080001ff   Thumb Code     0  startup_stm32f10x_md.o(.text)
    DMA1_Channel2_IRQHandler                 0x080001ff   Thumb Code     0  startup_stm32f10x_md.o(.text)
    DMA1_Channel3_IRQHandler                 0x080001ff   Thumb Code     0  startup_stm32f10x_md.o(.text)
    DMA1_Channel4_IRQHandler                 0x080001ff   Thumb Code     0  startup_stm32f10x_md.o(.text)
    DMA1_Channel5_IRQHandler                 0x080001ff   Thumb Code     0  startup_stm32f10x_md.o(.text)
    DMA1_Channel6_IRQHandler                 0x080001ff   Thumb Code     0  startup_stm32f10x_md.o(.text)
    DMA1_Channel7_IRQHandler                 0x080001ff   Thumb Code     0  startup_stm32f10x_md.o(.text)
    EXTI15_10_IRQHandler                     0x080001ff   Thumb Code     0  startup_stm32f10x_md.o(.text)
    EXTI1_IRQHandler                         0x080001ff   Thumb Code     0  startup_stm32f10x_md.o(.text)
    FLASH_IRQHandler                         0x080001ff   Thumb Code     0  startup_stm32f10x_md.o(.text)
    I2C1_ER_IRQHandler                       0x080001ff   Thumb Code     0  startup_stm32f10x_md.o(.text)
    I2C1_EV_IRQHandler                       0x080001ff   Thumb Code     0  startup_stm32f10x_md.o(.text)
    I2C2_ER_IRQHandler                       0x080001ff   Thumb Code     0  startup_stm32f10x_md.o(.text)
    I2C2_EV_IRQHandler                       0x080001ff   Thumb Code     0  startup_stm32f10x_md.o(.text)
    PVD_IRQHandler                           0x080001ff   Thumb Code     0  startup_stm32f10x_md.o(.text)
    RCC_IRQHandler                           0x080001ff   Thumb Code     0  startup_stm32f10x_md.o(.text)
    RTCAlarm_IRQHandler                      0x080001ff   Thumb Code     0  startup_stm32f10x_md.o(.text)
    SPI1_IRQHandler                          0x080001ff   Thumb Code     0  startup_stm32f10x_md.o(.text)
    SPI2_IRQHandler                          0x080001ff   Thumb Code     0  startup_stm32f10x_md.o(.text)
    TAMPER_IRQHandler                        0x080001ff   Thumb Code     0  startup_stm32f10x_md.o(.text)
    TIM1_BRK_IRQHandler                      0x080001ff   Thumb Code     0  startup_stm32f10x_md.o(.text)
    TIM1_CC_IRQHandler                       0x080001ff   Thumb Code     0  startup_stm32f10x_md.o(.text)
    TIM1_TRG_COM_IRQHandler                  0x080001ff   Thumb Code     0  startup_stm32f10x_md.o(.text)
    TIM1_UP_IRQHandler                       0x080001ff   Thumb Code     0  startup_stm32f10x_md.o(.text)
    TIM2_IRQHandler                          0x080001ff   Thumb Code     0  startup_stm32f10x_md.o(.text)
    TIM4_IRQHandler                          0x080001ff   Thumb Code     0  startup_stm32f10x_md.o(.text)
    USART2_IRQHandler                        0x080001ff   Thumb Code     0  startup_stm32f10x_md.o(.text)
    USART3_IRQHandler                        0x080001ff   Thumb Code     0  startup_stm32f10x_md.o(.text)
    USBWakeUp_IRQHandler                     0x080001ff   Thumb Code     0  startup_stm32f10x_md.o(.text)
    USB_HP_CAN1_TX_IRQHandler                0x080001ff   Thumb Code     0  startup_stm32f10x_md.o(.text)
    USB_LP_CAN1_RX0_IRQHandler               0x080001ff   Thumb Code     0  startup_stm32f10x_md.o(.text)
    __user_initial_stackheap                 0x08000201   Thumb Code     0  startup_stm32f10x_md.o(.text)
    SystemInit                               0x08000301   Thumb Code    78  system_stm32f10x.o(.text)
    SystemCoreClockUpdate                    0x0800034f   Thumb Code   142  system_stm32f10x.o(.text)
    show_quality                             0x08000401   Thumb Code    58  test.o(.text)
    load_time_ui                             0x0800043b   Thumb Code     2  test.o(.text)
    ucos_load_menu_ui                        0x0800043d   Thumb Code   526  test.o(.text)
    ucos_load_main_ui                        0x0800064b   Thumb Code   318  test.o(.text)
    key_task                                 0x08000789   Thumb Code    12  test.o(.text)
    flags_task                               0x08000795   Thumb Code    12  test.o(.text)
    main_task                                0x080007a1   Thumb Code  1308  test.o(.text)
    qmsgshow_task                            0x08000cbd   Thumb Code    40  test.o(.text)
    touch_task                               0x08000ce5   Thumb Code  3372  test.o(.text)
    led_task                                 0x08001a11   Thumb Code    10  test.o(.text)
    start_task                               0x08001a1b   Thumb Code   218  test.o(.text)
    main                                     0x08001af5   Thumb Code   124  test.o(.text)
    SysTick_Handler                          0x08001b81   Thumb Code    16  delay.o(.text)
    delay_init                               0x08001b91   Thumb Code    80  delay.o(.text)
    delay_us                                 0x08001be1   Thumb Code    86  delay.o(.text)
    delay_ms                                 0x08001c37   Thumb Code    62  delay.o(.text)
    MY_NVIC_SetVectorTable                   0x08001c81   Thumb Code    12  sys.o(.text)
    MY_NVIC_PriorityGroupConfig              0x08001c8d   Thumb Code    36  sys.o(.text)
    MY_NVIC_Init                             0x08001cb1   Thumb Code   114  sys.o(.text)
    Ex_NVIC_Config                           0x08001d23   Thumb Code   144  sys.o(.text)
    MYRCC_DeInit                             0x08001db3   Thumb Code    90  sys.o(.text)
    Sys_Standby                              0x08001e0d   Thumb Code    48  sys.o(.text)
    Sys_Soft_Reset                           0x08001e3d   Thumb Code    12  sys.o(.text)
    JTAG_Set                                 0x08001e49   Thumb Code    42  sys.o(.text)
    Stm32_Clock_Init                         0x08001e73   Thumb Code   136  sys.o(.text)
    _sys_exit                                0x08001f31   Thumb Code     6  usart.o(.text)
    fputc                                    0x08001f37   Thumb Code    22  usart.o(.text)
    USART1_IRQHandler                        0x08001f4d   Thumb Code   138  usart.o(.text)
    uart_init                                0x08001fd7   Thumb Code   214  usart.o(.text)
    LED_Init                                 0x080020c9   Thumb Code    68  led.o(.text)
    KEY_Init                                 0x08002119   Thumb Code    86  key.o(.text)
    KEY_Scan                                 0x0800216f   Thumb Code   138  key.o(.text)
    EXTI2_IRQHandler                         0x08002221   Thumb Code    16  exti.o(.text)
    EXTI3_IRQHandler                         0x08002231   Thumb Code    16  exti.o(.text)
    EXTI4_IRQHandler                         0x08002241   Thumb Code    16  exti.o(.text)
    EXTIX_Init                               0x08002251   Thumb Code    96  exti.o(.text)
    EXTI9_5_IRQHandler                       0x080022b1   Thumb Code    14  exti.o(.text)
    EXTI8_Init                               0x080022bf   Thumb Code    26  exti.o(.text)
    IWDG_Init                                0x080022dd   Thumb Code    28  wdg.o(.text)
    IWDG_Feed                                0x080022f9   Thumb Code    10  wdg.o(.text)
    WWDG_Init                                0x08002303   Thumb Code   124  wdg.o(.text)
    WWDG_Set_Counter                         0x0800237f   Thumb Code    12  wdg.o(.text)
    WWDG_IRQHandler                          0x0800238b   Thumb Code    20  wdg.o(.text)
    TIM3_IRQHandler                          0x080023b1   Thumb Code    18  timer.o(.text)
    TIM3_Int_Init                            0x080023c3   Thumb Code    74  timer.o(.text)
    TIM3_PWM_Init                            0x0800240d   Thumb Code   150  timer.o(.text)
    TIM5_Cap_Init                            0x080024a3   Thumb Code   158  timer.o(.text)
    TIM5_IRQHandler                          0x08002541   Thumb Code   184  timer.o(.text)
    TIM4_PWM_Init                            0x080025f9   Thumb Code   124  timer.o(.text)
    TIM6_IRQHandler                          0x08002675   Thumb Code    42  timer.o(.text)
    TIM6_Int_Init                            0x0800269f   Thumb Code    40  timer.o(.text)
    RTC_Get_Week                             0x08002705   Thumb Code   114  rtc.o(.text)
    Is_Leap_Year                             0x08002777   Thumb Code    58  rtc.o(.text)
    RTC_Get                                  0x080027b1   Thumb Code   242  rtc.o(.text)
    RTC_Set                                  0x080028a3   Thumb Code   254  rtc.o(.text)
    RTC_Init                                 0x080029a1   Thumb Code   368  rtc.o(.text)
    RTC_IRQHandler                           0x08002b11   Thumb Code   100  rtc.o(.text)
    ALARM_Set                                0x08002b75   Thumb Code   300  rtc.o(.text)
    ALARM_CNT_Set                            0x08002ca1   Thumb Code    96  rtc.o(.text)
    Sys_Enter_Standby                        0x08002d1d   Thumb Code    32  wkup.o(.text)
    Check_WKUP                               0x08002d3d   Thumb Code    50  wkup.o(.text)
    EXTI0_IRQHandler                         0x08002d6f   Thumb Code    20  wkup.o(.text)
    WKUP_Init                                0x08002d83   Thumb Code    80  wkup.o(.text)
    LCD_Writ_Bus                             0x08002de9   Thumb Code    22  lcd.o(.text)
    LCD_WR_DATA8                             0x08002dff   Thumb Code    18  lcd.o(.text)
    LCD_WR_DATA                              0x08002e11   Thumb Code    18  lcd.o(.text)
    LCD_WR_REG                               0x08002e23   Thumb Code    18  lcd.o(.text)
    LCD_WR_REG_DATA                          0x08002e35   Thumb Code    20  lcd.o(.text)
    Address_set                              0x08002e49   Thumb Code    78  lcd.o(.text)
    LCD_DrawPoint                            0x08002e97   Thumb Code    28  lcd.o(.text)
    Draw_Circle                              0x08002eb3   Thumb Code   176  lcd.o(.text)
    LCD_DrawLine                             0x08002f63   Thumb Code   176  lcd.o(.text)
    LCD_DrawRectangle                        0x08003013   Thumb Code    60  lcd.o(.text)
    LCD_Fill                                 0x0800304f   Thumb Code    70  lcd.o(.text)
    LCD_DrawPoint_big                        0x08003095   Thumb Code    34  lcd.o(.text)
    LCD_ShowChar                             0x080030b7   Thumb Code   188  lcd.o(.text)
    mypow                                    0x08003173   Thumb Code    22  lcd.o(.text)
    LCD_Show2Num                             0x08003189   Thumb Code   100  lcd.o(.text)
    LCD_ShowNum                              0x080031ed   Thumb Code   126  lcd.o(.text)
    LCD_Clear                                0x0800326b   Thumb Code    52  lcd.o(.text)
    LCD_ShowString                           0x0800329f   Thumb Code    70  lcd.o(.text)
    Lcd_Init                                 0x080032e5   Thumb Code   804  lcd.o(.text)
    showhanzi                                0x08003609   Thumb Code    98  lcd.o(.text)
    showhanzi_16                             0x0800366b   Thumb Code   158  lcd.o(.text)
    showshu_24                               0x08003709   Thumb Code   102  lcd.o(.text)
    LCD_DrawLine_big                         0x0800376f   Thumb Code   176  lcd.o(.text)
    ConvertRGB32To16                         0x0800381f   Thumb Code    28  lcd.o(.text)
    tpstate                                  0x08003849   Thumb Code     8  touch.o(.text)
    spistar                                  0x08003851   Thumb Code    24  touch.o(.text)
    WriteCharTo7843                          0x08003869   Thumb Code    56  touch.o(.text)
    ReadFromCharFrom7843                     0x080038a1   Thumb Code    52  touch.o(.text)
    ADS_Read_AD                              0x080038d5   Thumb Code    48  touch.o(.text)
    ADS_Read_XY                              0x08003905   Thumb Code   114  touch.o(.text)
    Read_ADS                                 0x08003977   Thumb Code    42  touch.o(.text)
    Read_ADS2                                0x080039a1   Thumb Code   180  touch.o(.text)
    Read_TP_Once                             0x08003a55   Thumb Code    78  touch.o(.text)
    Drow_Touch_Point                         0x08003aa3   Thumb Code    92  touch.o(.text)
    Convert_Pos                              0x08003aff   Thumb Code   166  touch.o(.text)
    Touch_Adjust                             0x08003ba5   Thumb Code  1584  touch.o(.text)
    point                                    0x080041d5   Thumb Code   120  touch.o(.text)
    touch_int                                0x0800424d   Thumb Code    38  touch.o(.text)
    OS_TaskStatStkChk                        0x0800430d   Thumb Code    54  os_core.o(.text)
    OS_TaskStat                              0x08004343   Thumb Code   116  os_core.o(.text)
    OS_TaskIdle                              0x080043eb   Thumb Code    34  os_core.o(.text)
    OS_MemClr                                0x08004441   Thumb Code    18  os_core.o(.text)
    OSInit                                   0x0800455f   Thumb Code    48  os_core.o(.text)
    OSIntEnter                               0x0800458f   Thumb Code    28  os_core.o(.text)
    OSIntExit                                0x080045c5   Thumb Code   112  os_core.o(.text)
    OSSchedLock                              0x08004635   Thumb Code    50  os_core.o(.text)
    OS_Sched                                 0x08004667   Thumb Code    88  os_core.o(.text)
    OSSchedUnlock                            0x080046bf   Thumb Code   238  os_core.o(.text)
    OSStart                                  0x080047ad   Thumb Code    48  os_core.o(.text)
    OSStatInit                               0x080047dd   Thumb Code    62  os_core.o(.text)
    OSTimeTick                               0x0800481b   Thumb Code   218  os_core.o(.text)
    OSVersion                                0x080048f5   Thumb Code     6  os_core.o(.text)
    OS_Dummy                                 0x080048fb   Thumb Code     2  os_core.o(.text)
    OS_EventTaskRemove                       0x080048fd   Thumb Code    42  os_core.o(.text)
    OS_EventTaskRdy                          0x08004927   Thumb Code   118  os_core.o(.text)
    OS_EventTaskWait                         0x0800499d   Thumb Code   112  os_core.o(.text)
    OS_EventWaitListInit                     0x08004a0d   Thumb Code    28  os_core.o(.text)
    OS_MemCopy                               0x08004a29   Thumb Code    20  os_core.o(.text)
    OS_StrLen                                0x08004a3d   Thumb Code    20  os_core.o(.text)
    OS_TCBInit                               0x08004a51   Thumb Code   294  os_core.o(.text)
    OSFlagAccept                             0x08004bbd   Thumb Code   252  os_flag.o(.text)
    OSFlagCreate                             0x08004cb9   Thumb Code    86  os_flag.o(.text)
    OS_FlagUnlink                            0x08004d0f   Thumb Code    36  os_flag.o(.text)
    OSFlagDel                                0x08004d93   Thumb Code   214  os_flag.o(.text)
    OSFlagNameGet                            0x08004e69   Thumb Code    80  os_flag.o(.text)
    OSFlagNameSet                            0x08004eb9   Thumb Code    66  os_flag.o(.text)
    OSFlagPend                               0x08004f93   Thumb Code   614  os_flag.o(.text)
    OSFlagPendGetFlagsRdy                    0x080051f9   Thumb Code    26  os_flag.o(.text)
    OSFlagPost                               0x08005213   Thumb Code   312  os_flag.o(.text)
    OSFlagQuery                              0x0800534b   Thumb Code    48  os_flag.o(.text)
    OS_FlagInit                              0x0800537b   Thumb Code    78  os_flag.o(.text)
    OSMboxAccept                             0x080053d5   Thumb Code    38  os_mbox.o(.text)
    OSMboxCreate                             0x080053fb   Thumb Code    68  os_mbox.o(.text)
    OSMboxDel                                0x0800543f   Thumb Code   200  os_mbox.o(.text)
    OSMboxPend                               0x08005507   Thumb Code   246  os_mbox.o(.text)
    OSMboxPendAbort                          0x080055fd   Thumb Code   126  os_mbox.o(.text)
    OSMboxPost                               0x0800567b   Thumb Code    80  os_mbox.o(.text)
    OSMboxPostOpt                            0x080056cb   Thumb Code   120  os_mbox.o(.text)
    OSMboxQuery                              0x08005743   Thumb Code    76  os_mbox.o(.text)
    OSQAccept                                0x080057a1   Thumb Code    88  os_q.o(.text)
    OSQCreate                                0x080057f9   Thumb Code   140  os_q.o(.text)
    OSQDel                                   0x08005885   Thumb Code   236  os_q.o(.text)
    OSQFlush                                 0x08005971   Thumb Code    36  os_q.o(.text)
    OSQPend                                  0x08005995   Thumb Code   272  os_q.o(.text)
    OSQPendAbort                             0x08005aa5   Thumb Code   126  os_q.o(.text)
    OSQPost                                  0x08005b23   Thumb Code   114  os_q.o(.text)
    OSQPostFront                             0x08005b95   Thumb Code   138  os_q.o(.text)
    OSQPostOpt                               0x08005c1f   Thumb Code   182  os_q.o(.text)
    OSQQuery                                 0x08005cd5   Thumb Code    98  os_q.o(.text)
    OS_QInit                                 0x08005d37   Thumb Code    72  os_q.o(.text)
    OSSemAccept                              0x08005d89   Thumb Code    42  os_sem.o(.text)
    OSSemCreate                              0x08005db3   Thumb Code    68  os_sem.o(.text)
    OSSemDel                                 0x08005df7   Thumb Code   200  os_sem.o(.text)
    OSSemPend                                0x08005ebf   Thumb Code   222  os_sem.o(.text)
    OSSemPendAbort                           0x08005f9d   Thumb Code   126  os_sem.o(.text)
    OSSemPost                                0x0800601b   Thumb Code    88  os_sem.o(.text)
    OSSemQuery                               0x08006073   Thumb Code    76  os_sem.o(.text)
    OSSemSet                                 0x080060bf   Thumb Code    66  os_sem.o(.text)
    OSTaskChangePrio                         0x08006111   Thumb Code   310  os_task.o(.text)
    OSTaskCreate                             0x08006247   Thumb Code   148  os_task.o(.text)
    OS_TaskStkClr                            0x080062db   Thumb Code    26  os_task.o(.text)
    OSTaskCreateExt                          0x080062f5   Thumb Code   170  os_task.o(.text)
    OSTaskDel                                0x0800639f   Thumb Code   294  os_task.o(.text)
    OSTaskDelReq                             0x080064c5   Thumb Code   146  os_task.o(.text)
    OSTaskNameGet                            0x08006557   Thumb Code   114  os_task.o(.text)
    OSTaskNameSet                            0x080065c9   Thumb Code    98  os_task.o(.text)
    OSTaskResume                             0x0800662b   Thumb Code   160  os_task.o(.text)
    OSTaskStkChk                             0x080066cb   Thumb Code   132  os_task.o(.text)
    OSTaskSuspend                            0x0800674f   Thumb Code   152  os_task.o(.text)
    OSTaskQuery                              0x080067e7   Thumb Code    82  os_task.o(.text)
    OSTaskRegGet                             0x08006839   Thumb Code    60  os_task.o(.text)
    OSTaskRegSet                             0x08006875   Thumb Code    62  os_task.o(.text)
    OS_TaskReturn                            0x080068b3   Thumb Code    18  os_task.o(.text)
    OSTimeDly                                0x080068dd   Thumb Code   100  os_time.o(.text)
    OSTimeDlyHMSM                            0x08006941   Thumb Code    86  os_time.o(.text)
    OSTimeDlyResume                          0x08006997   Thumb Code   176  os_time.o(.text)
    OSTimeGet                                0x08006a47   Thumb Code    24  os_time.o(.text)
    OSTimeSet                                0x08006a5f   Thumb Code    24  os_time.o(.text)
    OSTmrCreate                              0x08006ac7   Thumb Code    96  os_tmr.o(.text)
    OSTmrDel                                 0x08006b9f   Thumb Code   124  os_tmr.o(.text)
    OSTmrNameGet                             0x08006c1b   Thumb Code   114  os_tmr.o(.text)
    OSTmrRemainGet                           0x08006c8d   Thumb Code   164  os_tmr.o(.text)
    OSTmrStateGet                            0x08006d31   Thumb Code    86  os_tmr.o(.text)
    OSTmrStart                               0x08006deb   Thumb Code   128  os_tmr.o(.text)
    OSTmrStop                                0x08006e6b   Thumb Code   210  os_tmr.o(.text)
    OSTmrSignal                              0x08006f3d   Thumb Code    16  os_tmr.o(.text)
    OSTmr_Init                               0x08006ff1   Thumb Code   152  os_tmr.o(.text)
    OSInitHookBegin                          0x080070c9   Thumb Code     8  os_cpu_c.o(.text)
    OSInitHookEnd                            0x080070d1   Thumb Code     2  os_cpu_c.o(.text)
    OSTaskCreateHook                         0x080070d3   Thumb Code     2  os_cpu_c.o(.text)
    OSTaskDelHook                            0x080070d5   Thumb Code     2  os_cpu_c.o(.text)
    OSTaskIdleHook                           0x080070d7   Thumb Code     2  os_cpu_c.o(.text)
    OSTaskStatHook                           0x080070d9   Thumb Code     2  os_cpu_c.o(.text)
    OSTaskStkInit                            0x080070db   Thumb Code   154  os_cpu_c.o(.text)
    OSTaskSwHook                             0x08007175   Thumb Code     2  os_cpu_c.o(.text)
    OSTCBInitHook                            0x08007177   Thumb Code     2  os_cpu_c.o(.text)
    OSTimeTickHook                           0x08007179   Thumb Code    30  os_cpu_c.o(.text)
    OSTaskReturnHook                         0x08007197   Thumb Code     2  os_cpu_c.o(.text)
    OS_CPU_SR_Save                           0x0800719d   Thumb Code     0  os_cpu_a.o(.text)
    OS_CPU_SR_Restore                        0x080071a5   Thumb Code     0  os_cpu_a.o(.text)
    OSStartHighRdy                           0x080071ab   Thumb Code     0  os_cpu_a.o(.text)
    OSCtxSw                                  0x080071cd   Thumb Code     0  os_cpu_a.o(.text)
    OSIntCtxSw                               0x080071db   Thumb Code     0  os_cpu_a.o(.text)
    PendSV_Handler                           0x080071eb   Thumb Code     0  os_cpu_a.o(.text)
    __use_no_semihosting                     0x08007251   Thumb Code     2  use_no_semi_2.o(.text)
    __2printf                                0x08007255   Thumb Code    20  noretval__2printf.o(.text)
    __printf                                 0x0800726d   Thumb Code   104  __printf.o(.text)
    _printf_int_dec                          0x080072d5   Thumb Code   102  _printf_dec.o(.text)
    __use_two_region_memory                  0x0800734d   Thumb Code     2  heapauxi.o(.text)
    __rt_heap_escrow$2region                 0x0800734f   Thumb Code     2  heapauxi.o(.text)
    __rt_heap_expand$2region                 0x08007351   Thumb Code     2  heapauxi.o(.text)
    __I$use$semihosting                      0x08007353   Thumb Code     0  use_no_semi.o(.text)
    __use_no_semihosting_swi                 0x08007353   Thumb Code     2  use_no_semi.o(.text)
    _printf_int_common                       0x08007355   Thumb Code   184  _printf_intcommon.o(.text)
    _printf_char_file                        0x0800740d   Thumb Code    32  _printf_char_file.o(.text)
    _printf_char_common                      0x0800743b   Thumb Code    32  _printf_char_common.o(.text)
    ferror                                   0x08007461   Thumb Code     8  ferror.o(.text)
    __user_setup_stackheap                   0x08007469   Thumb Code    74  sys_stackheap_outer.o(.text)
    exit                                     0x080074b3   Thumb Code    12  exit.o(.text)
    __user_libspace                          0x080074c1   Thumb Code     8  libspace.o(.text)
    __user_perproc_libspace                  0x080074c1   Thumb Code     0  libspace.o(.text)
    __user_perthread_libspace                0x080074c1   Thumb Code     0  libspace.o(.text)
    __aeabi_dadd                             0x080074c9   Thumb Code     0  daddsub_clz.o(x$fpl$dadd)
    _dadd                                    0x080074c9   Thumb Code   332  daddsub_clz.o(x$fpl$dadd)
    __fpl_dcmp_Inf                           0x08007619   Thumb Code    24  dcmpi.o(x$fpl$dcmpinf)
    __aeabi_cdcmple                          0x08007631   Thumb Code     0  dleqf.o(x$fpl$dleqf)
    _dcmple                                  0x08007631   Thumb Code   120  dleqf.o(x$fpl$dleqf)
    __fpl_dcmple_InfNaN                      0x08007693   Thumb Code     0  dleqf.o(x$fpl$dleqf)
    __fpl_dnaninf                            0x080076a9   Thumb Code   156  dnaninf.o(x$fpl$dnaninf)
    __fpl_dretinf                            0x08007745   Thumb Code    12  dretinf.o(x$fpl$dretinf)
    __aeabi_cdrcmple                         0x08007751   Thumb Code     0  drleqf.o(x$fpl$drleqf)
    _drcmple                                 0x08007751   Thumb Code   108  drleqf.o(x$fpl$drleqf)
    __aeabi_dsub                             0x080077bd   Thumb Code     0  daddsub_clz.o(x$fpl$dsub)
    _dsub                                    0x080077bd   Thumb Code   464  daddsub_clz.o(x$fpl$dsub)
    __aeabi_fadd                             0x08007991   Thumb Code     0  faddsub_clz.o(x$fpl$fadd)
    _fadd                                    0x08007991   Thumb Code   196  faddsub_clz.o(x$fpl$fadd)
    __fpl_fcmp_Inf                           0x08007a55   Thumb Code    24  fcmpi.o(x$fpl$fcmpinf)
    __aeabi_fdiv                             0x08007a6d   Thumb Code     0  fdiv.o(x$fpl$fdiv)
    _fdiv                                    0x08007a6d   Thumb Code   384  fdiv.o(x$fpl$fdiv)
    __aeabi_f2uiz                            0x08007bf1   Thumb Code     0  ffixu.o(x$fpl$ffixu)
    _ffixu                                   0x08007bf1   Thumb Code    62  ffixu.o(x$fpl$ffixu)
    __aeabi_ui2f                             0x08007c31   Thumb Code     0  fflt_clz.o(x$fpl$ffltu)
    _ffltu                                   0x08007c31   Thumb Code    38  fflt_clz.o(x$fpl$ffltu)
    __aeabi_cfcmple                          0x08007c59   Thumb Code     0  fleqf.o(x$fpl$fleqf)
    _fcmple                                  0x08007c59   Thumb Code   104  fleqf.o(x$fpl$fleqf)
    __fpl_fcmple_InfNaN                      0x08007cab   Thumb Code     0  fleqf.o(x$fpl$fleqf)
    __aeabi_fmul                             0x08007cc1   Thumb Code     0  fmul.o(x$fpl$fmul)
    _fmul                                    0x08007cc1   Thumb Code   258  fmul.o(x$fpl$fmul)
    __fpl_fnaninf                            0x08007dc3   Thumb Code   140  fnaninf.o(x$fpl$fnaninf)
    __fpl_fretinf                            0x08007e4f   Thumb Code    10  fretinf.o(x$fpl$fretinf)
    __aeabi_cfrcmple                         0x08007e59   Thumb Code     0  frleqf.o(x$fpl$frleqf)
    _frcmple                                 0x08007e59   Thumb Code    98  frleqf.o(x$fpl$frleqf)
    __aeabi_frsub                            0x08007ebb   Thumb Code     0  faddsub_clz.o(x$fpl$frsb)
    _frsb                                    0x08007ebb   Thumb Code    20  faddsub_clz.o(x$fpl$frsb)
    __aeabi_fsub                             0x08007ed1   Thumb Code     0  faddsub_clz.o(x$fpl$fsub)
    _fsub                                    0x08007ed1   Thumb Code   234  faddsub_clz.o(x$fpl$fsub)
    __I$use$fp                               0x08007fba   Number         0  usenofp.o(x$fpl$usenofp)
    table_week                               0x08007fba   Data          12  rtc.o(.constdata)
    mon_table                                0x08007fc6   Data          12  rtc.o(.constdata)
    OSUnMapTbl                               0x08007fd2   Data         256  os_core.o(.constdata)
    Region$$Table$$Base                      0x080080d4   Number         0  anon$$obj.o(Region$$Table)
    Region$$Table$$Limit                     0x080080f4   Number         0  anon$$obj.o(Region$$Table)
    SystemCoreClock                          0x20000000   Data           4  system_stm32f10x.o(.data)
    AHBPrescTable                            0x20000004   Data          16  system_stm32f10x.o(.data)
    msg_key                                  0x20000014   Data           4  test.o(.data)
    q_msg                                    0x20000018   Data           4  test.o(.data)
    tmr1                                     0x2000001c   Data           4  test.o(.data)
    tmr2                                     0x20000020   Data           4  test.o(.data)
    tmr3                                     0x20000024   Data           4  test.o(.data)
    flags_key                                0x20000028   Data           4  test.o(.data)
    moo                                      0x2000002c   Data           1  test.o(.data)
    sleep_time                               0x2000002d   Data           1  test.o(.data)
    work_time                                0x2000002e   Data           1  test.o(.data)
    USART_RX_STA                             0x20000034   Data           2  usart.o(.data)
    USART_DATA_LEN                           0x20000036   Data           1  usart.o(.data)
    __stdout                                 0x20000038   Data           4  usart.o(.data)
    WWDG_CNT                                 0x2000003d   Data           1  wdg.o(.data)
    TIM5CH1_CAPTURE_STA                      0x2000003e   Data           1  timer.o(.data)
    TIM5CH1_CAPTURE_VAL                      0x20000040   Data           2  timer.o(.data)
    ov_frame                                 0x20000042   Data           1  timer.o(.data)
    hanzi_16                                 0x20000046   Data        2592  lcd.o(.data)
    shuzi_24                                 0x20000a66   Data        1656  lcd.o(.data)
    hanzi                                    0x200010de   Data        3456  lcd.o(.data)
    BACK_COLOR                               0x20001e5e   Data           2  lcd.o(.data)
    POINT_COLOR                              0x20001e60   Data           2  lcd.o(.data)
    vx                                       0x20001e62   Data           2  touch.o(.data)
    vy                                       0x20001e64   Data           2  touch.o(.data)
    chx                                      0x20001e66   Data           2  touch.o(.data)
    chy                                      0x20001e68   Data           2  touch.o(.data)
    tp_pixad                                 0x20001e6a   Data           4  touch.o(.data)
    tp_pixlcd                                0x20001e6e   Data           4  touch.o(.data)
    OSCtxSwCtr                               0x20001e74   Data           4  os_core.o(.data)
    OSEventFreeList                          0x20001e78   Data           4  os_core.o(.data)
    OSFlagFreeList                           0x20001e7c   Data           4  os_core.o(.data)
    OSCPUUsage                               0x20001e80   Data           1  os_core.o(.data)
    OSIdleCtrMax                             0x20001e84   Data           4  os_core.o(.data)
    OSIdleCtrRun                             0x20001e88   Data           4  os_core.o(.data)
    OSStatRdy                                0x20001e8c   Data           1  os_core.o(.data)
    OSIntNesting                             0x20001e8d   Data           1  os_core.o(.data)
    OSLockNesting                            0x20001e8e   Data           1  os_core.o(.data)
    OSPrioCur                                0x20001e8f   Data           1  os_core.o(.data)
    OSPrioHighRdy                            0x20001e90   Data           1  os_core.o(.data)
    OSRdyGrp                                 0x20001e91   Data           1  os_core.o(.data)
    OSRdyTbl                                 0x20001e92   Data           8  os_core.o(.data)
    OSRunning                                0x20001e9a   Data           1  os_core.o(.data)
    OSTaskCtr                                0x20001e9b   Data           1  os_core.o(.data)
    OSIdleCtr                                0x20001e9c   Data           4  os_core.o(.data)
    OSTCBCur                                 0x20001ea0   Data           4  os_core.o(.data)
    OSTCBFreeList                            0x20001ea4   Data           4  os_core.o(.data)
    OSTCBHighRdy                             0x20001ea8   Data           4  os_core.o(.data)
    OSTCBList                                0x20001eac   Data           4  os_core.o(.data)
    OSTickStepState                          0x20001eb0   Data           1  os_core.o(.data)
    OSQFreeList                              0x20001eb4   Data           4  os_core.o(.data)
    OSTime                                   0x20001eb8   Data           4  os_core.o(.data)
    OSTmrFree                                0x20001ebc   Data           2  os_core.o(.data)
    OSTmrUsed                                0x20001ebe   Data           2  os_core.o(.data)
    OSTmrTime                                0x20001ec0   Data           4  os_core.o(.data)
    OSTmrSem                                 0x20001ec4   Data           4  os_core.o(.data)
    OSTmrSemSignal                           0x20001ec8   Data           4  os_core.o(.data)
    OSTmrFreeList                            0x20001ecc   Data           4  os_core.o(.data)
    OSInterrputSum                           0x20001ed0   Data           4  os_cpu_c.o(.data)
    START_TASK_STK                           0x20001ed8   Data         512  test.o(.bss)
    LED_TASK_STK                             0x200020d8   Data         512  test.o(.bss)
    TOUCH_TASK_STK                           0x200022d8   Data         512  test.o(.bss)
    QMSGSHOW_TASK_STK                        0x200024d8   Data         512  test.o(.bss)
    MAIN_TASK_STK                            0x200026d8   Data        2048  test.o(.bss)
    FLAGS_TASK_STK                           0x20002ed8   Data         512  test.o(.bss)
    KEY_TASK_STK                             0x200030d8   Data         512  test.o(.bss)
    MsgGrp                                   0x200032d8   Data        1024  test.o(.bss)
    USART_RX_BUF                             0x200036d8   Data         200  usart.o(.bss)
    calendar                                 0x200037a0   Data          10  rtc.o(.bss)
    OSEventTbl                               0x200037ac   Data         200  os_core.o(.bss)
    OSFlagTbl                                0x20003874   Data          80  os_core.o(.bss)
    OSTaskStatStk                            0x200038c4   Data         512  os_core.o(.bss)
    OSTaskIdleStk                            0x20003ac4   Data         512  os_core.o(.bss)
    OSTCBPrioTbl                             0x20003cc4   Data         256  os_core.o(.bss)
    OSTCBTbl                                 0x20003dc4   Data        1008  os_core.o(.bss)
    OSQTbl                                   0x200041b4   Data         120  os_core.o(.bss)
    OSTmrTbl                                 0x2000422c   Data         640  os_core.o(.bss)
    OSTmrTaskStk                             0x200044ac   Data         512  os_core.o(.bss)
    OSTmrWheelTbl                            0x200046ac   Data          64  os_core.o(.bss)
    __libspace_start                         0x200046ec   Data          96  libspace.o(.bss)
    __temporary_stack_top$libspace           0x2000474c   Data           0  libspace.o(.bss)



==============================================================================

Memory Map of the image

  Image Entry point : 0x080000ed

  Load Region LR_IROM1 (Base: 0x08000000, Size: 0x00009fcc, Max: 0x00010000, ABSOLUTE, COMPRESSED[0x00008f58])

    Execution Region ER_IROM1 (Base: 0x08000000, Size: 0x000080f4, Max: 0x00010000, ABSOLUTE)

    Base Addr    Size         Type   Attr      Idx    E Section Name        Object

    0x08000000   0x000000ec   Data   RO            3    RESET               startup_stm32f10x_md.o
    0x080000ec   0x00000008   Code   RO          809  * !!!main             c_w.l(__main.o)
    0x080000f4   0x00000034   Code   RO         1033    !!!scatter          c_w.l(__scatter.o)
    0x08000128   0x00000064   Code   RO         1031    !!dclz77c           c_w.l(__dclz77c.o)
    0x0800018c   0x0000001c   Code   RO         1035    !!handler_zi        c_w.l(__scatter_zi.o)
    0x080001a8   0x00000000   Code   RO          806    .ARM.Collect$$_printf_percent$$00000000  c_w.l(_printf_percent.o)
    0x080001a8   0x00000006   Code   RO          805    .ARM.Collect$$_printf_percent$$00000009  c_w.l(_printf_d.o)
    0x080001ae   0x00000004   Code   RO          860    .ARM.Collect$$_printf_percent$$00000017  c_w.l(_printf_percent_end.o)
    0x080001b2   0x00000002   Code   RO          908    .ARM.Collect$$libinit$$00000000  c_w.l(libinit.o)
    0x080001b4   0x00000000   Code   RO          915    .ARM.Collect$$libinit$$00000002  c_w.l(libinit2.o)
    0x080001b4   0x00000000   Code   RO          918    .ARM.Collect$$libinit$$00000008  c_w.l(libinit2.o)
    0x080001b4   0x00000000   Code   RO          920    .ARM.Collect$$libinit$$0000000A  c_w.l(libinit2.o)
    0x080001b4   0x00000000   Code   RO          922    .ARM.Collect$$libinit$$0000000C  c_w.l(libinit2.o)
    0x080001b4   0x00000000   Code   RO          925    .ARM.Collect$$libinit$$0000000F  c_w.l(libinit2.o)
    0x080001b4   0x00000000   Code   RO          927    .ARM.Collect$$libinit$$00000011  c_w.l(libinit2.o)
    0x080001b4   0x00000000   Code   RO          929    .ARM.Collect$$libinit$$00000013  c_w.l(libinit2.o)
    0x080001b4   0x00000000   Code   RO          931    .ARM.Collect$$libinit$$00000015  c_w.l(libinit2.o)
    0x080001b4   0x00000000   Code   RO          933    .ARM.Collect$$libinit$$00000017  c_w.l(libinit2.o)
    0x080001b4   0x00000000   Code   RO          935    .ARM.Collect$$libinit$$00000019  c_w.l(libinit2.o)
    0x080001b4   0x00000000   Code   RO          937    .ARM.Collect$$libinit$$0000001B  c_w.l(libinit2.o)
    0x080001b4   0x00000000   Code   RO          939    .ARM.Collect$$libinit$$0000001D  c_w.l(libinit2.o)
    0x080001b4   0x00000000   Code   RO          941    .ARM.Collect$$libinit$$0000001F  c_w.l(libinit2.o)
    0x080001b4   0x00000000   Code   RO          943    .ARM.Collect$$libinit$$00000021  c_w.l(libinit2.o)
    0x080001b4   0x00000000   Code   RO          945    .ARM.Collect$$libinit$$00000023  c_w.l(libinit2.o)
    0x080001b4   0x00000000   Code   RO          949    .ARM.Collect$$libinit$$0000002A  c_w.l(libinit2.o)
    0x080001b4   0x00000000   Code   RO          951    .ARM.Collect$$libinit$$0000002C  c_w.l(libinit2.o)
    0x080001b4   0x00000000   Code   RO          953    .ARM.Collect$$libinit$$0000002E  c_w.l(libinit2.o)
    0x080001b4   0x00000000   Code   RO          955    .ARM.Collect$$libinit$$00000030  c_w.l(libinit2.o)
    0x080001b4   0x00000002   Code   RO          956    .ARM.Collect$$libinit$$00000031  c_w.l(libinit2.o)
    0x080001b6   0x00000002   Code   RO          974    .ARM.Collect$$libshutdown$$00000000  c_w.l(libshutdown.o)
    0x080001b8   0x00000000   Code   RO          985    .ARM.Collect$$libshutdown$$00000003  c_w.l(libshutdown2.o)
    0x080001b8   0x00000000   Code   RO          988    .ARM.Collect$$libshutdown$$00000006  c_w.l(libshutdown2.o)
    0x080001b8   0x00000000   Code   RO          991    .ARM.Collect$$libshutdown$$00000009  c_w.l(libshutdown2.o)
    0x080001b8   0x00000000   Code   RO          993    .ARM.Collect$$libshutdown$$0000000B  c_w.l(libshutdown2.o)
    0x080001b8   0x00000000   Code   RO          996    .ARM.Collect$$libshutdown$$0000000E  c_w.l(libshutdown2.o)
    0x080001b8   0x00000002   Code   RO          997    .ARM.Collect$$libshutdown$$0000000F  c_w.l(libshutdown2.o)
    0x080001ba   0x00000000   Code   RO          855    .ARM.Collect$$rtentry$$00000000  c_w.l(rtentry.o)
    0x080001ba   0x00000000   Code   RO          875    .ARM.Collect$$rtentry$$00000002  c_w.l(rtentry2.o)
    0x080001ba   0x00000006   Code   RO          887    .ARM.Collect$$rtentry$$00000004  c_w.l(rtentry4.o)
    0x080001c0   0x00000000   Code   RO          877    .ARM.Collect$$rtentry$$00000009  c_w.l(rtentry2.o)
    0x080001c0   0x00000004   Code   RO          878    .ARM.Collect$$rtentry$$0000000A  c_w.l(rtentry2.o)
    0x080001c4   0x00000000   Code   RO          880    .ARM.Collect$$rtentry$$0000000C  c_w.l(rtentry2.o)
    0x080001c4   0x00000008   Code   RO          881    .ARM.Collect$$rtentry$$0000000D  c_w.l(rtentry2.o)
    0x080001cc   0x00000002   Code   RO          912    .ARM.Collect$$rtexit$$00000000  c_w.l(rtexit.o)
    0x080001ce   0x00000000   Code   RO          958    .ARM.Collect$$rtexit$$00000002  c_w.l(rtexit2.o)
    0x080001ce   0x00000004   Code   RO          959    .ARM.Collect$$rtexit$$00000003  c_w.l(rtexit2.o)
    0x080001d2   0x00000006   Code   RO          960    .ARM.Collect$$rtexit$$00000004  c_w.l(rtexit2.o)
    0x080001d8   0x0000000c   Code   RO          185    .emb_text           sys.o
    0x080001e4   0x00000040   Code   RO            4    .text               startup_stm32f10x_md.o
    0x08000224   0x000001dc   Code   RO           12    .text               system_stm32f10x.o
    0x08000400   0x00001780   Code   RO           55    .text               test.o
    0x08001b80   0x00000100   Code   RO          163    .text               delay.o
    0x08001c80   0x000002b0   Code   RO          186    .text               sys.o
    0x08001f30   0x00000198   Code   RO          209    .text               usart.o
    0x080020c8   0x00000050   Code   RO          240    .text               led.o
    0x08002118   0x00000108   Code   RO          280    .text               key.o
    0x08002220   0x000000bc   Code   RO          301    .text               exti.o
    0x080022dc   0x000000d4   Code   RO          328    .text               wdg.o
    0x080023b0   0x00000354   Code   RO          351    .text               timer.o
    0x08002704   0x00000618   Code   RO          377    .text               rtc.o
    0x08002d1c   0x000000cc   Code   RO          405    .text               wkup.o
    0x08002de8   0x00000a60   Code   RO          488    .text               lcd.o
    0x08003848   0x00000ac4   Code   RO          514    .text               touch.o
    0x0800430c   0x000008b0   Code   RO          540    .text               os_core.o
    0x08004bbc   0x00000818   Code   RO          568    .text               os_flag.o
    0x080053d4   0x000003cc   Code   RO          588    .text               os_mbox.o
    0x080057a0   0x000005e8   Code   RO          642    .text               os_q.o
    0x08005d88   0x00000388   Code   RO          662    .text               os_sem.o
    0x08006110   0x000007cc   Code   RO          682    .text               os_task.o
    0x080068dc   0x000001b8   Code   RO          702    .text               os_time.o
    0x08006a94   0x00000634   Code   RO          722    .text               os_tmr.o
    0x080070c8   0x000000d4   Code   RO          742    .text               os_cpu_c.o
    0x0800719c   0x000000b4   Code   RO          770    .text               os_cpu_a.o
    0x08007250   0x00000002   Code   RO          775    .text               c_w.l(use_no_semi_2.o)
    0x08007252   0x00000002   PAD
    0x08007254   0x00000018   Code   RO          779    .text               c_w.l(noretval__2printf.o)
    0x0800726c   0x00000068   Code   RO          781    .text               c_w.l(__printf.o)
    0x080072d4   0x00000078   Code   RO          783    .text               c_w.l(_printf_dec.o)
    0x0800734c   0x00000006   Code   RO          807    .text               c_w.l(heapauxi.o)
    0x08007352   0x00000002   Code   RO          853    .text               c_w.l(use_no_semi.o)
    0x08007354   0x000000b8   Code   RO          856    .text               c_w.l(_printf_intcommon.o)
    0x0800740c   0x00000024   Code   RO          858    .text               c_w.l(_printf_char_file.o)
    0x08007430   0x00000030   Code   RO          889    .text               c_w.l(_printf_char_common.o)
    0x08007460   0x00000008   Code   RO          891    .text               c_w.l(ferror.o)
    0x08007468   0x0000004a   Code   RO          897    .text               c_w.l(sys_stackheap_outer.o)
    0x080074b2   0x0000000c   Code   RO          901    .text               c_w.l(exit.o)
    0x080074be   0x00000002   PAD
    0x080074c0   0x00000008   Code   RO          909    .text               c_w.l(libspace.o)
    0x080074c8   0x00000150   Code   RO          813    x$fpl$dadd          fz_ws.l(daddsub_clz.o)
    0x08007618   0x00000018   Code   RO          895    x$fpl$dcmpinf       fz_ws.l(dcmpi.o)
    0x08007630   0x00000078   Code   RO          861    x$fpl$dleqf         fz_ws.l(dleqf.o)
    0x080076a8   0x0000009c   Code   RO          863    x$fpl$dnaninf       fz_ws.l(dnaninf.o)
    0x08007744   0x0000000c   Code   RO          865    x$fpl$dretinf       fz_ws.l(dretinf.o)
    0x08007750   0x0000006c   Code   RO          823    x$fpl$drleqf        fz_ws.l(drleqf.o)
    0x080077bc   0x000001d4   Code   RO          815    x$fpl$dsub          fz_ws.l(daddsub_clz.o)
    0x08007990   0x000000c4   Code   RO          827    x$fpl$fadd          fz_ws.l(faddsub_clz.o)
    0x08007a54   0x00000018   Code   RO          867    x$fpl$fcmpinf       fz_ws.l(fcmpi.o)
    0x08007a6c   0x00000184   Code   RO          834    x$fpl$fdiv          fz_ws.l(fdiv.o)
    0x08007bf0   0x0000003e   Code   RO          837    x$fpl$ffixu         fz_ws.l(ffixu.o)
    0x08007c2e   0x00000002   PAD
    0x08007c30   0x00000026   Code   RO          841    x$fpl$ffltu         fz_ws.l(fflt_clz.o)
    0x08007c56   0x00000002   PAD
    0x08007c58   0x00000068   Code   RO          847    x$fpl$fleqf         fz_ws.l(fleqf.o)
    0x08007cc0   0x00000102   Code   RO          849    x$fpl$fmul          fz_ws.l(fmul.o)
    0x08007dc2   0x0000008c   Code   RO          869    x$fpl$fnaninf       fz_ws.l(fnaninf.o)
    0x08007e4e   0x0000000a   Code   RO          871    x$fpl$fretinf       fz_ws.l(fretinf.o)
    0x08007e58   0x00000062   Code   RO          851    x$fpl$frleqf        fz_ws.l(frleqf.o)
    0x08007eba   0x00000014   Code   RO          828    x$fpl$frsb          fz_ws.l(faddsub_clz.o)
    0x08007ece   0x00000002   PAD
    0x08007ed0   0x000000ea   Code   RO          829    x$fpl$fsub          fz_ws.l(faddsub_clz.o)
    0x08007fba   0x00000000   Code   RO          873    x$fpl$usenofp       fz_ws.l(usenofp.o)
    0x08007fba   0x00000018   Data   RO          379    .constdata          rtc.o
    0x08007fd2   0x00000100   Data   RO          542    .constdata          os_core.o
    0x080080d2   0x00000002   PAD
    0x080080d4   0x00000020   Data   RO         1029    Region$$Table       anon$$obj.o


    Execution Region RW_IRAM1 (Base: 0x20000000, Size: 0x00004d50, Max: 0x00005000, ABSOLUTE, COMPRESSED[0x00000e64])

    Base Addr    Size         Type   Attr      Idx    E Section Name        Object

    0x20000000   0x00000014   Data   RW           13    .data               system_stm32f10x.o
    0x20000014   0x0000001b   Data   RW           57    .data               test.o
    0x2000002f   0x00000001   PAD
    0x20000030   0x00000004   Data   RW          164    .data               delay.o
    0x20000034   0x00000008   Data   RW          211    .data               usart.o
    0x2000003c   0x00000001   Data   RW          281    .data               key.o
    0x2000003d   0x00000001   Data   RW          329    .data               wdg.o
    0x2000003e   0x00000005   Data   RW          352    .data               timer.o
    0x20000043   0x00000001   PAD
    0x20000044   0x00000002   Data   RW          380    .data               rtc.o
    0x20000046   0x00001e1c   Data   RW          489    .data               lcd.o
    0x20001e62   0x00000010   Data   RW          515    .data               touch.o
    0x20001e72   0x00000002   PAD
    0x20001e74   0x0000005c   Data   RW          543    .data               os_core.o
    0x20001ed0   0x00000006   Data   RW          743    .data               os_cpu_c.o
    0x20001ed6   0x00000002   PAD
    0x20001ed8   0x00001800   Zero   RW           56    .bss                test.o
    0x200036d8   0x000000c8   Zero   RW          210    .bss                usart.o
    0x200037a0   0x0000000a   Zero   RW          378    .bss                rtc.o
    0x200037aa   0x00000002   PAD
    0x200037ac   0x00000f40   Zero   RW          541    .bss                os_core.o
    0x200046ec   0x00000060   Zero   RW          910    .bss                c_w.l(libspace.o)
    0x2000474c   0x00000004   PAD
    0x20004750   0x00000200   Zero   RW            2    HEAP                startup_stm32f10x_md.o
    0x20004950   0x00000400   Zero   RW            1    STACK               startup_stm32f10x_md.o


==============================================================================

Image component sizes


      Code (inc. data)   RO Data    RW Data    ZI Data      Debug   Object Name

       256         12          0          4          0       1335   delay.o
       188          4          0          0          0       1138   exti.o
       264         40          0          1          0        816   key.o
      2656         94          0       7708          0       8694   lcd.o
        80         12          0          0          0        427   led.o
      2224        220        256         92       3904      15547   os_core.o
       180         36          0          0          0        288   os_cpu_a.o
       212          4          0          6          0      11411   os_cpu_c.o
      2072         40          0          0          0       6748   os_flag.o
       972         18          0          0          0       4094   os_mbox.o
      1512         32          0          0          0       5489   os_q.o
       904         16          0          0          0       3834   os_sem.o
      1996         70          0          0          0       7397   os_task.o
       440         30          0          0          0       1762   os_time.o
      1588         94          0          0          0       5469   os_tmr.o
      1560         88         24          2         10       4376   rtc.o
        64         26        236          0       1536        768   startup_stm32f10x_md.o
       700         54          0          0          0       2707   sys.o
       476         36          0         20          0     207635   system_stm32f10x.o
      6016        226          0         27       6144      16008   test.o
       852         62          0          5          0       2283   timer.o
      2756        280          0         16          0       5948   touch.o
       408         28          0          8        200       3065   usart.o
       212         18          0          1          0       1424   wdg.o
       204         22          0          0          0        982   wkup.o

    ----------------------------------------------------------------------
     28792       1562        550       7896      11796     319645   Object Totals
         0          0         32          0          0          0   (incl. Generated)
         0          0          2          6          2          0   (incl. Padding)

    ----------------------------------------------------------------------

      Code (inc. data)   RO Data    RW Data    ZI Data      Debug   Library Member Name

       100          0          0          0          0          0   __dclz77c.o
         8          0          0          0          0         68   __main.o
       104          0          0          0          0         84   __printf.o
        52          8          0          0          0          0   __scatter.o
        28          0          0          0          0          0   __scatter_zi.o
        48          6          0          0          0         96   _printf_char_common.o
        36          4          0          0          0         80   _printf_char_file.o
         6          0          0          0          0          0   _printf_d.o
       120         18          0          0          0         92   _printf_dec.o
       184          0          0          0          0         88   _printf_intcommon.o
         0          0          0          0          0          0   _printf_percent.o
         4          0          0          0          0          0   _printf_percent_end.o
        12          0          0          0          0         72   exit.o
         8          0          0          0          0         68   ferror.o
         6          0          0          0          0        152   heapauxi.o
         2          0          0          0          0          0   libinit.o
         2          0          0          0          0          0   libinit2.o
         2          0          0          0          0          0   libshutdown.o
         2          0          0          0          0          0   libshutdown2.o
         8          4          0          0         96         68   libspace.o
        24          4          0          0          0         84   noretval__2printf.o
         0          0          0          0          0          0   rtentry.o
        12          0          0          0          0          0   rtentry2.o
         6          0          0          0          0          0   rtentry4.o
         2          0          0          0          0          0   rtexit.o
        10          0          0          0          0          0   rtexit2.o
        74          0          0          0          0         80   sys_stackheap_outer.o
         2          0          0          0          0         68   use_no_semi.o
         2          0          0          0          0         68   use_no_semi_2.o
       804         16          0          0          0        280   daddsub_clz.o
        24          0          0          0          0         68   dcmpi.o
       120          4          0          0          0         92   dleqf.o
       156          4          0          0          0         92   dnaninf.o
        12          0          0          0          0         68   dretinf.o
       108          0          0          0          0         80   drleqf.o
       450          8          0          0          0        236   faddsub_clz.o
        24          0          0          0          0         68   fcmpi.o
       388         76          0          0          0         96   fdiv.o
        62          4          0          0          0         84   ffixu.o
        38          0          0          0          0         68   fflt_clz.o
       104          4          0          0          0         84   fleqf.o
       258          4          0          0          0         84   fmul.o
       140          4          0          0          0         84   fnaninf.o
        10          0          0          0          0         68   fretinf.o
        98          0          0          0          0         68   frleqf.o
         0          0          0          0          0          0   usenofp.o

    ----------------------------------------------------------------------
      3670        168          0          0        100       2788   Library Totals
        10          0          0          0          4          0   (incl. Padding)

    ----------------------------------------------------------------------

      Code (inc. data)   RO Data    RW Data    ZI Data      Debug   Library Name

       864         44          0          0         96       1168   c_w.l
      2796        124          0          0          0       1620   fz_ws.l

    ----------------------------------------------------------------------
      3670        168          0          0        100       2788   Library Totals

    ----------------------------------------------------------------------

==============================================================================


      Code (inc. data)   RO Data    RW Data    ZI Data      Debug   

     32462       1730        550       7896      11896     318689   Grand Totals
     32462       1730        550       3684      11896     318689   ELF Image Totals (compressed)
     32462       1730        550       3684          0          0   ROM Totals

==============================================================================

    Total RO  Size (Code + RO Data)                33012 (  32.24kB)
    Total RW  Size (RW Data + ZI Data)             19792 (  19.33kB)
    Total ROM Size (Code + RO Data + RW Data)      36696 (  35.84kB)

==============================================================================

